Welcome to Ubuntu 24.04.3 LTS (GNU/Linux 6.8.0-79-generic x86_64)

 * Documentation:  https://help.ubuntu.com
 * Management:     https://landscape.canonical.com
 * Support:        https://ubuntu.com/pro

 System information as of Wed Sep 10 02:18:46 AM UTC 2025

  System load:  0.02               Processes:              218
  Usage of /:   14.3% of 56.78GB   Users logged in:        1
  Memory usage: 12%                IPv4 address for ens33: 192.168.170.129
  Swap usage:   0%

 * Strictly confined Kubernetes makes edge and IoT secure. Learn how MicroK8s
   just raised the bar for easy, resilient and secure K8s cluster deployment.

   https://ubuntu.com/engage/secure-kubernetes-at-the-edge

Expanded Security Maintenance for Applications is not enabled.

0 updates can be applied immediately.

Enable ESM Apps to receive additional future security updates.
See https://ubuntu.com/esm or run: sudo pro status


Last login: Wed Sep 10 01:32:02 2025 from 192.168.170.1
(base) phong@phong:~$ sudo apt install -y docker.io docker-compose
[sudo] password for phong: 
Reading package lists... Done
Building dependency tree... Done
Reading state information... Done
The following additional packages will be installed:
  bridge-utils containerd dns-root-data dnsmasq-base pigz python3-compose python3-docker python3-dockerpty python3-docopt python3-dotenv python3-texttable
  python3-websocket runc ubuntu-fan
Suggested packages:
  ifupdown aufs-tools cgroupfs-mount | cgroup-lite debootstrap docker-buildx docker-compose-v2 docker-doc rinse zfs-fuse | zfsutils
The following NEW packages will be installed:
  bridge-utils containerd dns-root-data dnsmasq-base docker-compose docker.io pigz python3-compose python3-docker python3-dockerpty python3-docopt
  python3-dotenv python3-texttable python3-websocket runc ubuntu-fan
0 upgraded, 16 newly installed, 0 to remove and 1 not upgraded.
Need to get 79.5 MB of archives.
After this operation, 301 MB of additional disk space will be used.
Get:1 http://vn.archive.ubuntu.com/ubuntu noble/universe amd64 pigz amd64 2.8-1 [65.6 kB]
Get:2 http://vn.archive.ubuntu.com/ubuntu noble/main amd64 bridge-utils amd64 1.7.1-1ubuntu2 [33.9 kB]
Get:3 http://vn.archive.ubuntu.com/ubuntu noble-updates/main amd64 runc amd64 1.2.5-0ubuntu1~24.04.1 [8,043 kB]
Get:4 http://vn.archive.ubuntu.com/ubuntu noble-updates/main amd64 containerd amd64 1.7.27-0ubuntu1~24.04.1 [37.7 MB]                                       
Get:5 http://vn.archive.ubuntu.com/ubuntu noble-updates/main amd64 dns-root-data all 2024071801~ubuntu0.24.04.1 [5,918 B]                                   
Get:6 http://vn.archive.ubuntu.com/ubuntu noble-updates/main amd64 dnsmasq-base amd64 2.90-2ubuntu0.1 [376 kB]                                              
Get:7 http://vn.archive.ubuntu.com/ubuntu noble/universe amd64 python3-websocket all 1.7.0-1 [38.1 kB]                                                      
Get:8 http://vn.archive.ubuntu.com/ubuntu noble-updates/universe amd64 python3-docker all 5.0.3-1ubuntu1.1 [89.1 kB]                                        
Get:9 http://vn.archive.ubuntu.com/ubuntu noble/universe amd64 python3-dockerpty all 0.4.1-5 [11.4 kB]                                                      
Get:10 http://vn.archive.ubuntu.com/ubuntu noble/universe amd64 python3-docopt all 0.6.2-6 [26.1 kB]                                                        
Get:11 http://vn.archive.ubuntu.com/ubuntu noble/universe amd64 python3-dotenv all 1.0.1-1 [22.3 kB]                                                        
Get:12 http://vn.archive.ubuntu.com/ubuntu noble/universe amd64 python3-texttable all 1.6.7-1 [11.0 kB]                                                     
Get:13 http://vn.archive.ubuntu.com/ubuntu noble/universe amd64 python3-compose all 1.29.2-6ubuntu1 [84.6 kB]                                               
Get:14 http://vn.archive.ubuntu.com/ubuntu noble/universe amd64 docker-compose all 1.29.2-6ubuntu1 [14.0 kB]                                                
Get:15 http://vn.archive.ubuntu.com/ubuntu noble-updates/universe amd64 docker.io amd64 27.5.1-0ubuntu3~24.04.2 [33.0 MB]                                   
Get:16 http://vn.archive.ubuntu.com/ubuntu noble-updates/universe amd64 ubuntu-fan all 0.12.16+24.04.1 [34.2 kB]                                            
Fetched 79.5 MB in 52s (1,529 kB/s)                                                                                                                         
Preconfiguring packages ...
Selecting previously unselected package pigz.
(Reading database ... 87024 files and directories currently installed.)
Preparing to unpack .../00-pigz_2.8-1_amd64.deb ...
Unpacking pigz (2.8-1) ...
Selecting previously unselected package bridge-utils.
Preparing to unpack .../01-bridge-utils_1.7.1-1ubuntu2_amd64.deb ...
Unpacking bridge-utils (1.7.1-1ubuntu2) ...
Selecting previously unselected package runc.
Preparing to unpack .../02-runc_1.2.5-0ubuntu1~24.04.1_amd64.deb ...
Unpacking runc (1.2.5-0ubuntu1~24.04.1) ...
Selecting previously unselected package containerd.
Preparing to unpack .../03-containerd_1.7.27-0ubuntu1~24.04.1_amd64.deb ...
Unpacking containerd (1.7.27-0ubuntu1~24.04.1) ...
Selecting previously unselected package dns-root-data.
Preparing to unpack .../04-dns-root-data_2024071801~ubuntu0.24.04.1_all.deb ...
Unpacking dns-root-data (2024071801~ubuntu0.24.04.1) ...
Selecting previously unselected package dnsmasq-base.
Preparing to unpack .../05-dnsmasq-base_2.90-2ubuntu0.1_amd64.deb ...
Unpacking dnsmasq-base (2.90-2ubuntu0.1) ...
Selecting previously unselected package python3-websocket.
Preparing to unpack .../06-python3-websocket_1.7.0-1_all.deb ...
Unpacking python3-websocket (1.7.0-1) ...
Selecting previously unselected package python3-docker.
Preparing to unpack .../07-python3-docker_5.0.3-1ubuntu1.1_all.deb ...
Unpacking python3-docker (5.0.3-1ubuntu1.1) ...
Selecting previously unselected package python3-dockerpty.
Preparing to unpack .../08-python3-dockerpty_0.4.1-5_all.deb ...
Unpacking python3-dockerpty (0.4.1-5) ...
Selecting previously unselected package python3-docopt.
Preparing to unpack .../09-python3-docopt_0.6.2-6_all.deb ...
Unpacking python3-docopt (0.6.2-6) ...
Selecting previously unselected package python3-dotenv.
Preparing to unpack .../10-python3-dotenv_1.0.1-1_all.deb ...
Unpacking python3-dotenv (1.0.1-1) ...
Selecting previously unselected package python3-texttable.
Preparing to unpack .../11-python3-texttable_1.6.7-1_all.deb ...
Unpacking python3-texttable (1.6.7-1) ...
Selecting previously unselected package python3-compose.
Preparing to unpack .../12-python3-compose_1.29.2-6ubuntu1_all.deb ...
Unpacking python3-compose (1.29.2-6ubuntu1) ...
Selecting previously unselected package docker-compose.
Preparing to unpack .../13-docker-compose_1.29.2-6ubuntu1_all.deb ...
Unpacking docker-compose (1.29.2-6ubuntu1) ...
Selecting previously unselected package docker.io.
Preparing to unpack .../14-docker.io_27.5.1-0ubuntu3~24.04.2_amd64.deb ...
Unpacking docker.io (27.5.1-0ubuntu3~24.04.2) ...
Selecting previously unselected package ubuntu-fan.
Preparing to unpack .../15-ubuntu-fan_0.12.16+24.04.1_all.deb ...
Unpacking ubuntu-fan (0.12.16+24.04.1) ...
Setting up python3-dotenv (1.0.1-1) ...
Setting up python3-texttable (1.6.7-1) ...
Setting up python3-docopt (0.6.2-6) ...
Setting up dnsmasq-base (2.90-2ubuntu0.1) ...
Setting up runc (1.2.5-0ubuntu1~24.04.1) ...
Setting up dns-root-data (2024071801~ubuntu0.24.04.1) ...
Setting up bridge-utils (1.7.1-1ubuntu2) ...
Setting up pigz (2.8-1) ...
Setting up containerd (1.7.27-0ubuntu1~24.04.1) ...
Created symlink /etc/systemd/system/multi-user.target.wants/containerd.service → /usr/lib/systemd/system/containerd.service.
Setting up python3-websocket (1.7.0-1) ...
Setting up python3-dockerpty (0.4.1-5) ...
Setting up ubuntu-fan (0.12.16+24.04.1) ...
Created symlink /etc/systemd/system/multi-user.target.wants/ubuntu-fan.service → /usr/lib/systemd/system/ubuntu-fan.service.
Setting up python3-docker (5.0.3-1ubuntu1.1) ...
Setting up docker.io (27.5.1-0ubuntu3~24.04.2) ...
info: Selecting GID from range 100 to 999 ...
info: Adding group `docker' (GID 110) ...
Created symlink /etc/systemd/system/multi-user.target.wants/docker.service → /usr/lib/systemd/system/docker.service.
Created symlink /etc/systemd/system/sockets.target.wants/docker.socket → /usr/lib/systemd/system/docker.socket.
Setting up python3-compose (1.29.2-6ubuntu1) ...
Setting up docker-compose (1.29.2-6ubuntu1) ...
Processing triggers for dbus (1.14.10-4ubuntu4.1) ...
Processing triggers for man-db (2.12.0-4build2) ...
Scanning processes...                                                                                                                                        
Scanning linux images...                                                                                                                                     

Running kernel seems to be up-to-date.

No services need to be restarted.

No containers need to be restarted.

No user sessions are running outdated binaries.

No VM guests are running outdated hypervisor (qemu) binaries on this host.
(base) phong@phong:~$ sudo systemctl enable docker
(base) phong@phong:~$ sudo systemctl start docker
(base) phong@phong:~$ sudo usermod -aG docker $USER
(base) phong@phong:~$ newgrp docker
(base) phong@phong:~$ docker --version
Docker version 27.5.1, build 27.5.1-0ubuntu3~24.04.2
(base) phong@phong:~$ docker-compose --version
docker-compose version 1.29.2, build unknown
(base) phong@phong:~$ mkdir ~/n8n-docker
(base) phong@phong:~$ cd ~/n8n-docker
(base) phong@phong:~/n8n-docker$ nano docker-compose.yml
(base) phong@phong:~/n8n-docker$ nano docker-compose.yml
(base) phong@phong:~/n8n-docker$ ls -la
total 12
drwxrwxr-x  2 phong docker 4096 Sep 10 02:27 .
drwxr-x--- 11 phong phong  4096 Sep 10 02:24 ..
-rw-rw-r--  1 phong docker  342 Sep 10 02:26 docker-compose.yml
(base) phong@phong:~/n8n-docker$ cd ..
(base) phong@phong:~$ ls ~
]               miniconda3                         Miniconda3-latest-Linux-x86_64.sh.1  ngrok-stable-linux-amd64.zip
api-interface1  Miniconda3-latest-Linux-x86_64.sh  n8n-docker                           Video-render-order-theta
(base) phong@phong:~$ ls -la
total 325852
drwxr-x--- 11 phong phong       4096 Sep 10 02:24 .
drwxr-xr-x  3 root  root        4096 Sep  8 10:01 ..
-rw-rw-r--  1 phong phong          0 Sep  9 10:34 ]
drwxrwxr-x  6 phong phong       4096 Sep  9 10:25 api-interface1
-rw-------  1 phong phong        170 Sep  8 10:32 .bash_history
-rw-r--r--  1 phong phong        220 Mar 31  2024 .bash_logout
-rw-r--r--  1 phong phong       4250 Sep  9 10:23 .bashrc
drwx------  5 phong phong       4096 Sep  9 10:28 .cache
drwxrwxr-x  3 phong phong       4096 Sep  9 10:22 .conda
drwx------  3 phong phong       4096 Sep 10 01:38 .config
-rw-rw-r--  1 phong phong         55 Sep  9 09:57 .gitconfig
drwxrwxr-x  3 phong phong       4096 Sep  9 10:24 .local
drwxrwxr-x 19 phong phong       4096 Sep  9 10:17 miniconda3
-rw-rw-r--  1 phong phong  162129736 Aug 25 21:03 Miniconda3-latest-Linux-x86_64.sh
-rw-rw-r--  1 phong phong  162129736 Aug 25 21:03 Miniconda3-latest-Linux-x86_64.sh.1
drwxrwxr-x  2 phong docker      4096 Sep 10 02:27 n8n-docker
-rw-rw-r--  1 phong phong    9333025 Sep  9 10:33 ngrok-stable-linux-amd64.zip
-rw-r--r--  1 phong phong        807 Mar 31  2024 .profile
drwx------  2 phong phong       4096 Sep  8 10:01 .ssh
-rw-r--r--  1 phong phong          0 Sep  8 10:03 .sudo_as_admin_successful
drwxrwxr-x  4 phong phong       4096 Sep  8 10:19 Video-render-order-theta
-rw-rw-r--  1 phong phong        169 Sep  9 10:33 .wget-hsts
(base) phong@phong:~$ nano n8n-docker/docker-compose.yml 
(base) phong@phong:~$ cd ..
(base) phong@phong:/home$ ls
phong
(base) phong@phong:/home$ mkdir node
mkdir: cannot create directory ‘node’: Permission denied
(base) phong@phong:/home$ sudo mkdir node
(base) phong@phong:/home$ ls
node  phong
(base) phong@phong:/home$ cd phong/
(base) phong@phong:~$ ls
]               miniconda3                         Miniconda3-latest-Linux-x86_64.sh.1  ngrok-stable-linux-amd64.zip
api-interface1  Miniconda3-latest-Linux-x86_64.sh  n8n-docker                           Video-render-order-theta
(base) phong@phong:~$ rm ]
(base) phong@phong:~$ ls
api-interface1  Miniconda3-latest-Linux-x86_64.sh    n8n-docker                    Video-render-order-theta
miniconda3      Miniconda3-latest-Linux-x86_64.sh.1  ngrok-stable-linux-amd64.zip
(base) phong@phong:~$ c
c: command not found
(base) phong@phong:~$ cd n8n-docker/
(base) phong@phong:~/n8n-docker$ ls
docker-compose.yml
(base) phong@phong:~/n8n-docker$ ^[[200~docker-compose up -d
docker-compose: command not found
(base) phong@phong:~/n8n-docker$ ~docker-compose up -d
Command '~docker-compose' not found, did you mean:
  command 'docker-compose' from snap docker (28.1.1+1)
  command 'docker-compose' from deb docker-compose (1.29.2-6)
See 'snap info <snapname>' for additional versions.
(base) phong@phong:~/n8n-docker$ docker-compose up -d
Creating network "n8n-docker_default" with the default driver
Pulling n8n (n8nio/n8n:latest)...
latest: Pulling from n8nio/n8n
9824c27679d3: Pull complete
6a088b2daae0: Pull complete
52719e552fdf: Pull complete
016c0e952111: Pull complete
23fe6350486d: Pull complete
4f4fb700ef54: Pull complete
182c749d9d33: Pull complete
f877e10fe954: Pull complete
423a7c81ca6a: Pull complete
f5988bd98ade: Pull complete
6001e97c66b5: Pull complete
c3f68aabe38e: Pull complete
Digest: sha256:6c0c7650150a3fb0fd30d13160a87b5227963c36c9297b5bda618bcadfcee932
Status: Downloaded newer image for n8nio/n8n:latest
Creating n8n-docker_n8n_1 ... done
(base) phong@phong:~/n8n-docker$ ^C
(base) phong@phong:~/n8n-docker$ docker ps
CONTAINER ID   IMAGE              COMMAND                  CREATED              STATUS                          PORTS     NAMES
0cd9a52d6b0e   n8nio/n8n:latest   "tini -- /docker-ent…"   About a minute ago   Restarting (1) 16 seconds ago             n8n-docker_n8n_1
(base) phong@phong:~/n8n-docker$ docker-compose logs -f
Attaching to n8n-docker_n8n_1
n8n_1  | No encryption key found - Auto-generating and saving to: /home/node/.n8n/config
n8n_1  | No encryption key found - Auto-generating and saving to: /home/node/.n8n/config
n8n_1  | Error: EACCES: permission denied, open '/home/node/.n8n/config'
n8n_1  |     at writeFileSync (node:fs:2425:20)
n8n_1  |     at InstanceSettings.save (/usr/local/lib/node_modules/n8n/node_modules/.pnpm/n8n-core@file+packages+core_@opentelemetry+api@1.9.0_@opentelemetry+sdk-trace-base@1.30_5aee33ef851c7de341eb325c6a25e0ff/node_modules/n8n-core/src/instance-settings/instance-settings.ts:241:16)
n8n_1  |     at InstanceSettings.loadOrCreate (/usr/local/lib/node_modules/n8n/node_modules/.pnpm/n8n-core@file+packages+core_@opentelemetry+api@1.9.0_@opentelemetry+sdk-trace-base@1.30_5aee33ef851c7de341eb325c6a25e0ff/node_modules/n8n-core/src/instance-settings/instance-settings.ts:218:8)
n8n_1  |     at new InstanceSettings (/usr/local/lib/node_modules/n8n/node_modules/.pnpm/n8n-core@file+packages+core_@opentelemetry+api@1.9.0_@opentelemetry+sdk-trace-base@1.30_5aee33ef851c7de341eb325c6a25e0ff/node_modules/n8n-core/src/instance-settings/instance-settings.ts:67:24)
n8n_1  |     at ContainerClass.get (/usr/local/lib/node_modules/n8n/node_modules/.pnpm/@n8n+di@file+packages+@n8n+di/node_modules/@n8n/di/src/di.ts:104:16)
n8n_1  |     at CommunityPackagesModule.loadDir (/usr/local/lib/node_modules/n8n/src/modules/community-packages/community-packages.module.ts:37:30)
n8n_1  |     at processTicksAndRejections (node:internal/process/task_queues:105:5)
n8n_1  |     at ModuleRegistry.loadModules (/usr/local/lib/node_modules/n8n/node_modules/.pnpm/@n8n+backend-common@file+packages+@n8n+backend-common/node_modules/@n8n/backend-common/src/modules/module-registry.ts:92:20)
n8n_1  |     at CommandRegistry.execute (/usr/local/lib/node_modules/n8n/src/command-registry.ts:43:3)
n8n_1  |     at /usr/local/lib/node_modules/n8n/bin/n8n:63:2
n8n_1  | No encryption key found - Auto-generating and saving to: /home/node/.n8n/config
n8n_1  | No encryption key found - Auto-generating and saving to: /home/node/.n8n/config
n8n_1  | Error: EACCES: permission denied, open '/home/node/.n8n/config'
n8n_1  |     at writeFileSync (node:fs:2425:20)
n8n_1  |     at InstanceSettings.save (/usr/local/lib/node_modules/n8n/node_modules/.pnpm/n8n-core@file+packages+core_@opentelemetry+api@1.9.0_@opentelemetry+sdk-trace-base@1.30_5aee33ef851c7de341eb325c6a25e0ff/node_modules/n8n-core/src/instance-settings/instance-settings.ts:241:16)
n8n_1  |     at InstanceSettings.loadOrCreate (/usr/local/lib/node_modules/n8n/node_modules/.pnpm/n8n-core@file+packages+core_@opentelemetry+api@1.9.0_@opentelemetry+sdk-trace-base@1.30_5aee33ef851c7de341eb325c6a25e0ff/node_modules/n8n-core/src/instance-settings/instance-settings.ts:218:8)
n8n_1  |     at new InstanceSettings (/usr/local/lib/node_modules/n8n/node_modules/.pnpm/n8n-core@file+packages+core_@opentelemetry+api@1.9.0_@opentelemetry+sdk-trace-base@1.30_5aee33ef851c7de341eb325c6a25e0ff/node_modules/n8n-core/src/instance-settings/instance-settings.ts:67:24)
n8n_1  |     at ContainerClass.get (/usr/local/lib/node_modules/n8n/node_modules/.pnpm/@n8n+di@file+packages+@n8n+di/node_modules/@n8n/di/src/di.ts:104:16)
n8n_1  |     at CommunityPackagesModule.loadDir (/usr/local/lib/node_modules/n8n/src/modules/community-packages/community-packages.module.ts:37:30)
n8n_1  |     at processTicksAndRejections (node:internal/process/task_queues:105:5)
n8n_1  |     at ModuleRegistry.loadModules (/usr/local/lib/node_modules/n8n/node_modules/.pnpm/@n8n+backend-common@file+packages+@n8n+backend-common/node_modules/@n8n/backend-common/src/modules/module-registry.ts:92:20)
n8n_1  |     at CommandRegistry.execute (/usr/local/lib/node_modules/n8n/src/command-registry.ts:43:3)
n8n_1  |     at /usr/local/lib/node_modules/n8n/bin/n8n:63:2
n8n_1  | No encryption key found - Auto-generating and saving to: /home/node/.n8n/config
n8n_1  | No encryption key found - Auto-generating and saving to: /home/node/.n8n/config
n8n_1  | Error: EACCES: permission denied, open '/home/node/.n8n/config'
n8n_1  |     at writeFileSync (node:fs:2425:20)
n8n_1  |     at InstanceSettings.save (/usr/local/lib/node_modules/n8n/node_modules/.pnpm/n8n-core@file+packages+core_@opentelemetry+api@1.9.0_@opentelemetry+sdk-trace-base@1.30_5aee33ef851c7de341eb325c6a25e0ff/node_modules/n8n-core/src/instance-settings/instance-settings.ts:241:16)
n8n_1  |     at InstanceSettings.loadOrCreate (/usr/local/lib/node_modules/n8n/node_modules/.pnpm/n8n-core@file+packages+core_@opentelemetry+api@1.9.0_@opentelemetry+sdk-trace-base@1.30_5aee33ef851c7de341eb325c6a25e0ff/node_modules/n8n-core/src/instance-settings/instance-settings.ts:218:8)
n8n_1  |     at new InstanceSettings (/usr/local/lib/node_modules/n8n/node_modules/.pnpm/n8n-core@file+packages+core_@opentelemetry+api@1.9.0_@opentelemetry+sdk-trace-base@1.30_5aee33ef851c7de341eb325c6a25e0ff/node_modules/n8n-core/src/instance-settings/instance-settings.ts:67:24)
n8n_1  |     at ContainerClass.get (/usr/local/lib/node_modules/n8n/node_modules/.pnpm/@n8n+di@file+packages+@n8n+di/node_modules/@n8n/di/src/di.ts:104:16)
n8n_1  |     at CommunityPackagesModule.loadDir (/usr/local/lib/node_modules/n8n/src/modules/community-packages/community-packages.module.ts:37:30)
n8n_1  |     at processTicksAndRejections (node:internal/process/task_queues:105:5)
n8n_1  |     at ModuleRegistry.loadModules (/usr/local/lib/node_modules/n8n/node_modules/.pnpm/@n8n+backend-common@file+packages+@n8n+backend-common/node_modules/@n8n/backend-common/src/modules/module-registry.ts:92:20)
n8n_1  |     at CommandRegistry.execute (/usr/local/lib/node_modules/n8n/src/command-registry.ts:43:3)
n8n_1  |     at /usr/local/lib/node_modules/n8n/bin/n8n:63:2
n8n_1  | No encryption key found - Auto-generating and saving to: /home/node/.n8n/config
n8n_1  | No encryption key found - Auto-generating and saving to: /home/node/.n8n/config
n8n_1  | Error: EACCES: permission denied, open '/home/node/.n8n/config'
n8n_1  |     at writeFileSync (node:fs:2425:20)
n8n_1  |     at InstanceSettings.save (/usr/local/lib/node_modules/n8n/node_modules/.pnpm/n8n-core@file+packages+core_@opentelemetry+api@1.9.0_@opentelemetry+sdk-trace-base@1.30_5aee33ef851c7de341eb325c6a25e0ff/node_modules/n8n-core/src/instance-settings/instance-settings.ts:241:16)
n8n_1  |     at InstanceSettings.loadOrCreate (/usr/local/lib/node_modules/n8n/node_modules/.pnpm/n8n-core@file+packages+core_@opentelemetry+api@1.9.0_@opentelemetry+sdk-trace-base@1.30_5aee33ef851c7de341eb325c6a25e0ff/node_modules/n8n-core/src/instance-settings/instance-settings.ts:218:8)
n8n_1  |     at new InstanceSettings (/usr/local/lib/node_modules/n8n/node_modules/.pnpm/n8n-core@file+packages+core_@opentelemetry+api@1.9.0_@opentelemetry+sdk-trace-base@1.30_5aee33ef851c7de341eb325c6a25e0ff/node_modules/n8n-core/src/instance-settings/instance-settings.ts:67:24)
n8n_1  |     at ContainerClass.get (/usr/local/lib/node_modules/n8n/node_modules/.pnpm/@n8n+di@file+packages+@n8n+di/node_modules/@n8n/di/src/di.ts:104:16)
n8n_1  |     at CommunityPackagesModule.loadDir (/usr/local/lib/node_modules/n8n/src/modules/community-packages/community-packages.module.ts:37:30)
n8n_1  |     at processTicksAndRejections (node:internal/process/task_queues:105:5)
n8n_1  |     at ModuleRegistry.loadModules (/usr/local/lib/node_modules/n8n/node_modules/.pnpm/@n8n+backend-common@file+packages+@n8n+backend-common/node_modules/@n8n/backend-common/src/modules/module-registry.ts:92:20)
n8n_1  |     at CommandRegistry.execute (/usr/local/lib/node_modules/n8n/src/command-registry.ts:43:3)
n8n_1  |     at /usr/local/lib/node_modules/n8n/bin/n8n:63:2
n8n_1  | No encryption key found - Auto-generating and saving to: /home/node/.n8n/config
n8n_1  | No encryption key found - Auto-generating and saving to: /home/node/.n8n/config
n8n_1  | Error: EACCES: permission denied, open '/home/node/.n8n/config'
n8n_1  |     at writeFileSync (node:fs:2425:20)
n8n_1  |     at InstanceSettings.save (/usr/local/lib/node_modules/n8n/node_modules/.pnpm/n8n-core@file+packages+core_@opentelemetry+api@1.9.0_@opentelemetry+sdk-trace-base@1.30_5aee33ef851c7de341eb325c6a25e0ff/node_modules/n8n-core/src/instance-settings/instance-settings.ts:241:16)
n8n_1  |     at InstanceSettings.loadOrCreate (/usr/local/lib/node_modules/n8n/node_modules/.pnpm/n8n-core@file+packages+core_@opentelemetry+api@1.9.0_@opentelemetry+sdk-trace-base@1.30_5aee33ef851c7de341eb325c6a25e0ff/node_modules/n8n-core/src/instance-settings/instance-settings.ts:218:8)
n8n_1  |     at new InstanceSettings (/usr/local/lib/node_modules/n8n/node_modules/.pnpm/n8n-core@file+packages+core_@opentelemetry+api@1.9.0_@opentelemetry+sdk-trace-base@1.30_5aee33ef851c7de341eb325c6a25e0ff/node_modules/n8n-core/src/instance-settings/instance-settings.ts:67:24)
n8n_1  |     at ContainerClass.get (/usr/local/lib/node_modules/n8n/node_modules/.pnpm/@n8n+di@file+packages+@n8n+di/node_modules/@n8n/di/src/di.ts:104:16)
n8n_1  |     at CommunityPackagesModule.loadDir (/usr/local/lib/node_modules/n8n/src/modules/community-packages/community-packages.module.ts:37:30)
n8n_1  |     at processTicksAndRejections (node:internal/process/task_queues:105:5)
n8n_1  |     at ModuleRegistry.loadModules (/usr/local/lib/node_modules/n8n/node_modules/.pnpm/@n8n+backend-common@file+packages+@n8n+backend-common/node_modules/@n8n/backend-common/src/modules/module-registry.ts:92:20)
n8n_1  |     at CommandRegistry.execute (/usr/local/lib/node_modules/n8n/src/command-registry.ts:43:3)
n8n_1  |     at /usr/local/lib/node_modules/n8n/bin/n8n:63:2
n8n_1  | No encryption key found - Auto-generating and saving to: /home/node/.n8n/config
n8n_1  | No encryption key found - Auto-generating and saving to: /home/node/.n8n/config
n8n_1  | Error: EACCES: permission denied, open '/home/node/.n8n/config'
n8n_1  |     at writeFileSync (node:fs:2425:20)
n8n_1  |     at InstanceSettings.save (/usr/local/lib/node_modules/n8n/node_modules/.pnpm/n8n-core@file+packages+core_@opentelemetry+api@1.9.0_@opentelemetry+sdk-trace-base@1.30_5aee33ef851c7de341eb325c6a25e0ff/node_modules/n8n-core/src/instance-settings/instance-settings.ts:241:16)
n8n_1  |     at InstanceSettings.loadOrCreate (/usr/local/lib/node_modules/n8n/node_modules/.pnpm/n8n-core@file+packages+core_@opentelemetry+api@1.9.0_@opentelemetry+sdk-trace-base@1.30_5aee33ef851c7de341eb325c6a25e0ff/node_modules/n8n-core/src/instance-settings/instance-settings.ts:218:8)
n8n_1  |     at new InstanceSettings (/usr/local/lib/node_modules/n8n/node_modules/.pnpm/n8n-core@file+packages+core_@opentelemetry+api@1.9.0_@opentelemetry+sdk-trace-base@1.30_5aee33ef851c7de341eb325c6a25e0ff/node_modules/n8n-core/src/instance-settings/instance-settings.ts:67:24)
n8n_1  |     at ContainerClass.get (/usr/local/lib/node_modules/n8n/node_modules/.pnpm/@n8n+di@file+packages+@n8n+di/node_modules/@n8n/di/src/di.ts:104:16)
n8n_1  |     at CommunityPackagesModule.loadDir (/usr/local/lib/node_modules/n8n/src/modules/community-packages/community-packages.module.ts:37:30)
n8n_1  |     at processTicksAndRejections (node:internal/process/task_queues:105:5)
n8n_1  |     at ModuleRegistry.loadModules (/usr/local/lib/node_modules/n8n/node_modules/.pnpm/@n8n+backend-common@file+packages+@n8n+backend-common/node_modules/@n8n/backend-common/src/modules/module-registry.ts:92:20)
n8n_1  |     at CommandRegistry.execute (/usr/local/lib/node_modules/n8n/src/command-registry.ts:43:3)
n8n_1  |     at /usr/local/lib/node_modules/n8n/bin/n8n:63:2
n8n_1  | No encryption key found - Auto-generating and saving to: /home/node/.n8n/config
n8n_1  | No encryption key found - Auto-generating and saving to: /home/node/.n8n/config
n8n_1  | Error: EACCES: permission denied, open '/home/node/.n8n/config'
n8n_1  |     at writeFileSync (node:fs:2425:20)
n8n_1  |     at InstanceSettings.save (/usr/local/lib/node_modules/n8n/node_modules/.pnpm/n8n-core@file+packages+core_@opentelemetry+api@1.9.0_@opentelemetry+sdk-trace-base@1.30_5aee33ef851c7de341eb325c6a25e0ff/node_modules/n8n-core/src/instance-settings/instance-settings.ts:241:16)
n8n_1  |     at InstanceSettings.loadOrCreate (/usr/local/lib/node_modules/n8n/node_modules/.pnpm/n8n-core@file+packages+core_@opentelemetry+api@1.9.0_@opentelemetry+sdk-trace-base@1.30_5aee33ef851c7de341eb325c6a25e0ff/node_modules/n8n-core/src/instance-settings/instance-settings.ts:218:8)
n8n_1  |     at new InstanceSettings (/usr/local/lib/node_modules/n8n/node_modules/.pnpm/n8n-core@file+packages+core_@opentelemetry+api@1.9.0_@opentelemetry+sdk-trace-base@1.30_5aee33ef851c7de341eb325c6a25e0ff/node_modules/n8n-core/src/instance-settings/instance-settings.ts:67:24)
n8n_1  |     at ContainerClass.get (/usr/local/lib/node_modules/n8n/node_modules/.pnpm/@n8n+di@file+packages+@n8n+di/node_modules/@n8n/di/src/di.ts:104:16)
n8n_1  |     at CommunityPackagesModule.loadDir (/usr/local/lib/node_modules/n8n/src/modules/community-packages/community-packages.module.ts:37:30)
n8n_1  |     at processTicksAndRejections (node:internal/process/task_queues:105:5)
n8n_1  |     at ModuleRegistry.loadModules (/usr/local/lib/node_modules/n8n/node_modules/.pnpm/@n8n+backend-common@file+packages+@n8n+backend-common/node_modules/@n8n/backend-common/src/modules/module-registry.ts:92:20)
n8n_1  |     at CommandRegistry.execute (/usr/local/lib/node_modules/n8n/src/command-registry.ts:43:3)
n8n_1  |     at /usr/local/lib/node_modules/n8n/bin/n8n:63:2
n8n_1  | No encryption key found - Auto-generating and saving to: /home/node/.n8n/config
n8n_1  | No encryption key found - Auto-generating and saving to: /home/node/.n8n/config
n8n_1  | Error: EACCES: permission denied, open '/home/node/.n8n/config'
n8n_1  |     at writeFileSync (node:fs:2425:20)
n8n_1  |     at InstanceSettings.save (/usr/local/lib/node_modules/n8n/node_modules/.pnpm/n8n-core@file+packages+core_@opentelemetry+api@1.9.0_@opentelemetry+sdk-trace-base@1.30_5aee33ef851c7de341eb325c6a25e0ff/node_modules/n8n-core/src/instance-settings/instance-settings.ts:241:16)
n8n_1  |     at InstanceSettings.loadOrCreate (/usr/local/lib/node_modules/n8n/node_modules/.pnpm/n8n-core@file+packages+core_@opentelemetry+api@1.9.0_@opentelemetry+sdk-trace-base@1.30_5aee33ef851c7de341eb325c6a25e0ff/node_modules/n8n-core/src/instance-settings/instance-settings.ts:218:8)
n8n_1  |     at new InstanceSettings (/usr/local/lib/node_modules/n8n/node_modules/.pnpm/n8n-core@file+packages+core_@opentelemetry+api@1.9.0_@opentelemetry+sdk-trace-base@1.30_5aee33ef851c7de341eb325c6a25e0ff/node_modules/n8n-core/src/instance-settings/instance-settings.ts:67:24)
n8n_1  |     at ContainerClass.get (/usr/local/lib/node_modules/n8n/node_modules/.pnpm/@n8n+di@file+packages+@n8n+di/node_modules/@n8n/di/src/di.ts:104:16)
n8n_1  |     at CommunityPackagesModule.loadDir (/usr/local/lib/node_modules/n8n/src/modules/community-packages/community-packages.module.ts:37:30)
n8n_1  |     at processTicksAndRejections (node:internal/process/task_queues:105:5)
n8n_1  |     at ModuleRegistry.loadModules (/usr/local/lib/node_modules/n8n/node_modules/.pnpm/@n8n+backend-common@file+packages+@n8n+backend-common/node_modules/@n8n/backend-common/src/modules/module-registry.ts:92:20)
n8n_1  |     at CommandRegistry.execute (/usr/local/lib/node_modules/n8n/src/command-registry.ts:43:3)
n8n_1  |     at /usr/local/lib/node_modules/n8n/bin/n8n:63:2
n8n_1  | No encryption key found - Auto-generating and saving to: /home/node/.n8n/config
n8n_1  | No encryption key found - Auto-generating and saving to: /home/node/.n8n/config
n8n_1  | Error: EACCES: permission denied, open '/home/node/.n8n/config'
n8n_1  |     at writeFileSync (node:fs:2425:20)
n8n_1  |     at InstanceSettings.save (/usr/local/lib/node_modules/n8n/node_modules/.pnpm/n8n-core@file+packages+core_@opentelemetry+api@1.9.0_@opentelemetry+sdk-trace-base@1.30_5aee33ef851c7de341eb325c6a25e0ff/node_modules/n8n-core/src/instance-settings/instance-settings.ts:241:16)
n8n_1  |     at InstanceSettings.loadOrCreate (/usr/local/lib/node_modules/n8n/node_modules/.pnpm/n8n-core@file+packages+core_@opentelemetry+api@1.9.0_@opentelemetry+sdk-trace-base@1.30_5aee33ef851c7de341eb325c6a25e0ff/node_modules/n8n-core/src/instance-settings/instance-settings.ts:218:8)
n8n_1  |     at new InstanceSettings (/usr/local/lib/node_modules/n8n/node_modules/.pnpm/n8n-core@file+packages+core_@opentelemetry+api@1.9.0_@opentelemetry+sdk-trace-base@1.30_5aee33ef851c7de341eb325c6a25e0ff/node_modules/n8n-core/src/instance-settings/instance-settings.ts:67:24)
n8n_1  |     at ContainerClass.get (/usr/local/lib/node_modules/n8n/node_modules/.pnpm/@n8n+di@file+packages+@n8n+di/node_modules/@n8n/di/src/di.ts:104:16)
n8n_1  |     at CommunityPackagesModule.loadDir (/usr/local/lib/node_modules/n8n/src/modules/community-packages/community-packages.module.ts:37:30)
n8n_1  |     at processTicksAndRejections (node:internal/process/task_queues:105:5)
n8n_1  |     at ModuleRegistry.loadModules (/usr/local/lib/node_modules/n8n/node_modules/.pnpm/@n8n+backend-common@file+packages+@n8n+backend-common/node_modules/@n8n/backend-common/src/modules/module-registry.ts:92:20)
n8n_1  |     at CommandRegistry.execute (/usr/local/lib/node_modules/n8n/src/command-registry.ts:43:3)
n8n_1  |     at /usr/local/lib/node_modules/n8n/bin/n8n:63:2
n8n_1  | No encryption key found - Auto-generating and saving to: /home/node/.n8n/config
n8n_1  | No encryption key found - Auto-generating and saving to: /home/node/.n8n/config
n8n_1  | Error: EACCES: permission denied, open '/home/node/.n8n/config'
n8n_1  |     at writeFileSync (node:fs:2425:20)
n8n_1  |     at InstanceSettings.save (/usr/local/lib/node_modules/n8n/node_modules/.pnpm/n8n-core@file+packages+core_@opentelemetry+api@1.9.0_@opentelemetry+sdk-trace-base@1.30_5aee33ef851c7de341eb325c6a25e0ff/node_modules/n8n-core/src/instance-settings/instance-settings.ts:241:16)
n8n_1  |     at InstanceSettings.loadOrCreate (/usr/local/lib/node_modules/n8n/node_modules/.pnpm/n8n-core@file+packages+core_@opentelemetry+api@1.9.0_@opentelemetry+sdk-trace-base@1.30_5aee33ef851c7de341eb325c6a25e0ff/node_modules/n8n-core/src/instance-settings/instance-settings.ts:218:8)
n8n_1  |     at new InstanceSettings (/usr/local/lib/node_modules/n8n/node_modules/.pnpm/n8n-core@file+packages+core_@opentelemetry+api@1.9.0_@opentelemetry+sdk-trace-base@1.30_5aee33ef851c7de341eb325c6a25e0ff/node_modules/n8n-core/src/instance-settings/instance-settings.ts:67:24)
n8n_1  |     at ContainerClass.get (/usr/local/lib/node_modules/n8n/node_modules/.pnpm/@n8n+di@file+packages+@n8n+di/node_modules/@n8n/di/src/di.ts:104:16)
n8n_1  |     at CommunityPackagesModule.loadDir (/usr/local/lib/node_modules/n8n/src/modules/community-packages/community-packages.module.ts:37:30)
n8n_1  |     at processTicksAndRejections (node:internal/process/task_queues:105:5)
n8n_1  |     at ModuleRegistry.loadModules (/usr/local/lib/node_modules/n8n/node_modules/.pnpm/@n8n+backend-common@file+packages+@n8n+backend-common/node_modules/@n8n/backend-common/src/modules/module-registry.ts:92:20)
n8n_1  |     at CommandRegistry.execute (/usr/local/lib/node_modules/n8n/src/command-registry.ts:43:3)
n8n_1  |     at /usr/local/lib/node_modules/n8n/bin/n8n:63:2
n8n-docker_n8n_1 exited with code 1
(base) phong@phong:~/n8n-docker$ docker-compose down
Stopping n8n-docker_n8n_1 ... done
Removing n8n-docker_n8n_1 ... done
Removing network n8n-docker_default
(base) phong@phong:~/n8n-docker$ sudo chown -R 1000:1000 ./n8n_data
(base) phong@phong:~/n8n-docker$ docker-compose up -d
Creating network "n8n-docker_default" with the default driver
Creating n8n-docker_n8n_1 ... done
(base) phong@phong:~/n8n-docker$ docker ps
CONTAINER ID   IMAGE              COMMAND                  CREATED          STATUS          PORTS                                     NAMES
aa06d4ab7f5a   n8nio/n8n:latest   "tini -- /docker-ent…"   13 seconds ago   Up 12 seconds   0.0.0.0:80->5678/tcp, [::]:80->5678/tcp   n8n-docker_n8n_1
(base) phong@phong:~/n8n-docker$ sudo ufw allow 80
Rules updated
Rules updated (v6)
(base) phong@phong:~/n8n-docker$ docker ps
CONTAINER ID   IMAGE              COMMAND                  CREATED         STATUS         PORTS                                     NAMES
aa06d4ab7f5a   n8nio/n8n:latest   "tini -- /docker-ent…"   2 minutes ago   Up 2 minutes   0.0.0.0:80->5678/tcp, [::]:80->5678/tcp   n8n-docker_n8n_1
(base) phong@phong:~/n8n-docker$ nano docker-compose.yml
(base) phong@phong:~/n8n-docker$ docker ps
CONTAINER ID   IMAGE              COMMAND                  CREATED         STATUS         PORTS                                     NAMES
aa06d4ab7f5a   n8nio/n8n:latest   "tini -- /docker-ent…"   6 minutes ago   Up 6 minutes   0.0.0.0:80->5678/tcp, [::]:80->5678/tcp   n8n-docker_n8n_1
(base) phong@phong:~/n8n-docker$ docker-compose down
Stopping n8n-docker_n8n_1 ... done
Removing n8n-docker_n8n_1 ... done
Removing network n8n-docker_default
(base) phong@phong:~/n8n-docker$ docker-compose up -d
Creating network "n8n-docker_default" with the default driver
Creating n8n-docker_n8n_1 ... done
(base) phong@phong:~/n8n-docker$ docker ps
CONTAINER ID   IMAGE              COMMAND                  CREATED         STATUS         PORTS                                     NAMES
7a6524eb8427   n8nio/n8n:latest   "tini -- /docker-ent…"   6 seconds ago   Up 6 seconds   0.0.0.0:80->5678/tcp, [::]:80->5678/tcp   n8n-docker_n8n_1
(base) phong@phong:~/n8n-docker$ nano docker-compose.yml
(base) phong@phong:~/n8n-docker$ docker-compose down
Stopping n8n-docker_n8n_1 ... done
Removing n8n-docker_n8n_1 ... done
Removing network n8n-docker_default
(base) phong@phong:~/n8n-docker$ docker-compose up -d
Creating network "n8n-docker_default" with the default driver
Creating n8n-docker_n8n_1 ... done
(base) phong@phong:~/n8n-docker$ docker ps
CONTAINER ID   IMAGE              COMMAND                  CREATED         STATUS         PORTS                                     NAMES
6d55d74763bd   n8nio/n8n:latest   "tini -- /docker-ent…"   7 seconds ago   Up 7 seconds   0.0.0.0:80->5678/tcp, [::]:80->5678/tcp   n8n-docker_n8n_1
(base) phong@phong:~/n8n-docker$ nano docker-compose.yml
(base) phong@phong:~/n8n-docker$ docker-compose down\
> docker-compose down
No such command: downdocker_compose

Commands:
  build              Build or rebuild services
  config             Validate and view the Compose file
  create             Create services
  down               Stop and remove resources
  events             Receive real time events from containers
  exec               Execute a command in a running container
  help               Get help on a command
  images             List images
  kill               Kill containers
  logs               View output from containers
  pause              Pause services
  port               Print the public port for a port binding
  ps                 List containers
  pull               Pull service images
  push               Push service images
  restart            Restart services
  rm                 Remove stopped containers
  run                Run a one-off command
  scale              Set number of containers for a service
  start              Start services
  stop               Stop services
  top                Display the running processes
  unpause            Unpause services
  up                 Create and start containers
  version            Show version information and quit
(base) phong@phong:~/n8n-docker$ 
(base) phong@phong:~/n8n-docker$ docker-compose down
Stopping n8n-docker_n8n_1 ... done
Removing n8n-docker_n8n_1 ... done
Removing network n8n-docker_default
(base) phong@phong:~/n8n-docker$ docker-compose up -d
Creating network "n8n-docker_default" with the default driver
Creating n8n-docker_n8n_1 ... done
(base) phong@phong:~/n8n-docker$ docker ps
CONTAINER ID   IMAGE              COMMAND                  CREATED         STATUS         PORTS                                     NAMES
f93e6e05ba89   n8nio/n8n:latest   "tini -- /docker-ent…"   4 seconds ago   Up 4 seconds   0.0.0.0:80->5678/tcp, [::]:80->5678/tcp   n8n-docker_n8n_1
(base) phong@phong:~/n8n-docker$ nano docker-compose.yml
(base) phong@phong:~/n8n-docker$ docker-compose down
Stopping n8n-docker_n8n_1 ... done
Removing n8n-docker_n8n_1 ... done
Removing network n8n-docker_default
(base) phong@phong:~/n8n-docker$ docker-compose up -d
Creating network "n8n-docker_default" with the default driver
Creating n8n-docker_n8n_1 ... done
(base) phong@phong:~/n8n-docker$ docker ps
CONTAINER ID   IMAGE              COMMAND                  CREATED         STATUS         PORTS                                     NAMES
5808772d40dc   n8nio/n8n:latest   "tini -- /docker-ent…"   4 seconds ago   Up 3 seconds   0.0.0.0:80->5678/tcp, [::]:80->5678/tcp   n8n-docker_n8n_1
(base) phong@phong:~/n8n-docker$ nano docker-compose.yml
(base) phong@phong:~/n8n-docker$ docker-compose down
ERROR: Invalid interpolation format for "environment" option in service "n8n": "WEBHOOK_URL=${https://nonambitiously-superjudicial-camryn.ngrok-free.app}"
(base) phong@phong:~/n8n-docker$ nano docker-compose.yml
(base) phong@phong:~/n8n-docker$ docker-compose down
Stopping n8n-docker_n8n_1 ... done
Removing n8n-docker_n8n_1 ... done
Removing network n8n-docker_default
(base) phong@phong:~/n8n-docker$ docker-compose up -d
Creating network "n8n-docker_default" with the default driver
Creating n8n-docker_n8n_1 ... done
(base) phong@phong:~/n8n-docker$ docker ps
CONTAINER ID   IMAGE              COMMAND                  CREATED         STATUS         PORTS                                       NAMES
fd4f77422449   n8nio/n8n:latest   "tini -- /docker-ent…"   7 seconds ago   Up 6 seconds   0.0.0.0:5678->5678/tcp, :::5678->5678/tcp   n8n-docker_n8n_1
(base) phong@phong:~/n8n-docker$ nano docker-compose.yml
(base) phong@phong:~/n8n-docker$ docker-compose down
Stopping n8n-docker_n8n_1 ... done
Removing n8n-docker_n8n_1 ... done
Removing network n8n-docker_default
(base) phong@phong:~/n8n-docker$ docker-compose up -d
Creating network "n8n-docker_default" with the default driver
Creating n8n-docker_n8n_1 ... done
(base) phong@phong:~/n8n-docker$ docker ps
CONTAINER ID   IMAGE              COMMAND                  CREATED         STATUS         PORTS                                       NAMES
dce92c25a67b   n8nio/n8n:latest   "tini -- /docker-ent…"   5 seconds ago   Up 4 seconds   0.0.0.0:5678->5678/tcp, :::5678->5678/tcp   n8n-docker_n8n_1
(base) phong@phong:~/n8n-docker$ Welcome to Ubuntu 24.04.3 LTS (GNU/Linux 6.8.0-79-generic x86_64)

 * Documentation:  https://help.ubuntu.com
 * Management:     https://landscape.canonical.com
 * Support:        https://ubuntu.com/pro

 System information as of Wed Sep 10 06:45:38 AM UTC 2025

  System load:  0.02               Processes:              229
  Usage of /:   17.2% of 56.78GB   Users logged in:        1
  Memory usage: 26%                IPv4 address for ens33: 192.168.170.129
  Swap usage:   0%


Expanded Security Maintenance for Applications is not enabled.

0 updates can be applied immediately.

1 additional security update can be applied with ESM Apps.
Learn more about enabling ESM Apps service at https://ubuntu.com/esm


Last login: Wed Sep 10 06:45:41 2025 from 192.168.170.1
(base) phong@phong:~$ docker ps
CONTAINER ID   IMAGE              COMMAND                  CREATED       STATUS       PORTS                                       NAMES
dce92c25a67b   n8nio/n8n:latest   "tini -- /docker-ent…"   2 hours ago   Up 2 hours   0.0.0.0:5678->5678/tcp, :::5678->5678/tcp   n8n-docker_n8n_1
(base) phong@phong:~$ 